******************************************************************************
                  TI ARM Linker PC v20.2.7                     
******************************************************************************
>> Linked Fri Jun 28 12:34:28 2024

OUTPUT FILE NAME:   <project0.out>
ENTRY POINT SYMBOL: "_c_int00_noinit_noargs"  address: 0000088d


MEMORY CONFIGURATION

         name            origin    length      used     unused   attr    fill
----------------------  --------  ---------  --------  --------  ----  --------
  FLASH                 00000000   00040000  00000a5e  0003f5a2  R  X
  SRAM                  20000000   00008000  00000100  00007f00  RW X


SEGMENT ALLOCATION MAP

run origin  load origin   length   init length attrs members
----------  ----------- ---------- ----------- ----- -------
00000000    00000000    00000a60   00000a60    r-x
  00000000    00000000    0000026c   0000026c    r-- .intvecs
  0000026c    0000026c    000006f6   000006f6    r-x .text
  00000964    00000964    000000fc   000000fc    r-- .const
20000000    20000000    00000100   00000000    rw-
  20000000    20000000    00000100   00000000    rw- .stack


SECTION ALLOCATION MAP

 output                                  attributes/
section   page    origin      length       input sections
--------  ----  ----------  ----------   ----------------
.intvecs   0    00000000    0000026c     
                  00000000    0000026c     startup_ccs.obj (.intvecs)

.text      0    0000026c    000006f6     
                  0000026c    0000016c     driverlib.lib : gpio.obj (.text:GPIOPadConfigSet)
                  000003d8    00000118                   : sysctl.obj (.text:SysCtlClockGet)
                  000004f0    000000f4                   : sysctl.obj (.text:SysCtlClockSet)
                  000005e4    00000060                   : timer.obj (.text:TimerConfigure)
                  00000644    00000058     spi.obj (.text:spiInitial)
                  0000069c    0000004c     project0.obj (.text:Device_init)
                  000006e8    0000004c     driverlib.lib : gpio.obj (.text:GPIOPinConfigure)
                  00000734    00000044     project0.obj (.text:main)
                  00000778    00000040     ucs.obj (.text:timerInitial)
                  000007b8    0000003c     driverlib.lib : ssi.obj (.text:SSIConfigSetExpClk)
                  000007f4    00000038                   : sysctl.obj (.text:SysCtlPeripheralReady)
                  0000082c    00000034                   : sysctl.obj (.text:SysCtlPeripheralEnable)
                  00000860    0000002c                   : gpio.obj (.text:GPIODirModeSet)
                  0000088c    0000002c     rtsv7M4_T_le_v4SPD16_eabi.lib : boot_cortex_m.c.obj (.text:_c_int00_noinit_noargs:_c_int00_noinit_noargs)
                  000008b8    0000001a     driverlib.lib : gpio.obj (.text:GPIOPinTypeGPIOOutput)
                  000008d2    00000016                   : gpio.obj (.text:GPIOPinTypeSSI)
                  000008e8    00000012                   : timer.obj (.text:TimerLoadSet)
                  000008fa    00000010                   : interrupt.obj (.text:IntMasterEnable)
                  0000090a    0000000e                   : timer.obj (.text:TimerEnable)
                  00000918    0000000c                   : cpu.obj (.text:CPUcpsie)
                  00000924    0000000c     ucs.obj (.text:ucsInitial)
                  00000930    0000000a     driverlib.lib : ssi.obj (.text:SSIEnable)
                  0000093a    00000008                   : timer.obj (.text:TimerIntEnable)
                  00000942    00000006                   : gpio.obj (.text:GPIOPinWrite)
                  00000948    00000006     startup_ccs.obj (.text:ResetISR)
                  0000094e    00000006     driverlib.lib : sysctl.obj (.text:SysCtlDelay)
                  00000954    00000004     rtsv7M4_T_le_v4SPD16_eabi.lib : pre_init.c.obj (.text:_system_pre_init)
                  00000958    00000004                                   : exit.c.obj (.text:abort:abort)
                  0000095c    00000002     startup_ccs.obj (.text:FaultISR)
                  0000095e    00000002     startup_ccs.obj (.text:IntDefaultHandler)
                  00000960    00000002     startup_ccs.obj (.text:NmiSR)

.const     0    00000964    000000fc     
                  00000964    00000090     driverlib.lib : gpio.obj (.const:g_pui32GPIOBaseAddrs)
                  000009f4    0000006c                   : sysctl.obj (.const:g_pui32Xtals)

.cinit     0    00000000    00000000     UNINITIALIZED

.init_array 
*          0    00000000    00000000     UNINITIALIZED

.stack     0    20000000    00000100     UNINITIALIZED
                  20000000    00000004     rtsv7M4_T_le_v4SPD16_eabi.lib : boot_cortex_m.c.obj (.stack)
                  20000004    000000fc     --HOLE--

__llvm_prf_cnts 
*          0    20000000    00000000     UNINITIALIZED

.binit     0    00000000    00000000     

MODULE SUMMARY

       Module                code   ro data   rw data
       ------                ----   -------   -------
    .\
       startup_ccs.obj       12     620       0      
       project0.obj          144    0         0      
       spi.obj               88     0         0      
       ucs.obj               76     0         0      
    +--+---------------------+------+---------+---------+
       Total:                320    620       0      
                                                     
    C:/ti/TivaWare_C_Series-2.2.0.295/driverlib/ccs/Debug/driverlib.lib
       sysctl.obj            638    108       0      
       gpio.obj              538    144       0      
       timer.obj             136    0         0      
       ssi.obj               70     0         0      
       interrupt.obj         16     0         0      
       cpu.obj               12     0         0      
    +--+---------------------+------+---------+---------+
       Total:                1410   252       0      
                                                     
    C:\ti\ccs1220\ccs\tools\compiler\ti-cgt-arm_20.2.7.LTS\lib\rtsv7M4_T_le_v4SPD16_eabi.lib
       boot_cortex_m.c.obj   44     0         0      
       exit.c.obj            4      0         0      
       pre_init.c.obj        4      0         0      
    +--+---------------------+------+---------+---------+
       Total:                52     0         0      
                                                     
       Stack:                0      0         256    
    +--+---------------------+------+---------+---------+
       Grand Total:          1782   872       256    


GLOBAL SYMBOLS: SORTED ALPHABETICALLY BY Name 

address   name                   
-------   ----                   
00000959  C$$EXIT                
00000919  CPUcpsie               
0000069d  Device_init            
00000861  GPIODirModeSet         
0000026d  GPIOPadConfigSet       
000006e9  GPIOPinConfigure       
000008b9  GPIOPinTypeGPIOOutput  
000008d3  GPIOPinTypeSSI         
00000943  GPIOPinWrite           
000008fb  IntMasterEnable        
00000949  ResetISR               
000007b9  SSIConfigSetExpClk     
00000931  SSIEnable              
000003d9  SysCtlClockGet         
000004f1  SysCtlClockSet         
0000094f  SysCtlDelay            
0000082d  SysCtlPeripheralEnable 
000007f5  SysCtlPeripheralReady  
000005e5  TimerConfigure         
0000090b  TimerEnable            
0000093b  TimerIntEnable         
000008e9  TimerLoadSet           
20000100  __STACK_END            
00000100  __STACK_SIZE           
20000100  __STACK_TOP            
ffffffff  __TI_pprof_out_hndl    
ffffffff  __TI_prof_data_size    
ffffffff  __TI_prof_data_start   
00000000  __TI_static_base__     
ffffffff  __binit__              
ffffffff  __c_args__             
UNDEFED   __mpu_init             
20000000  __stack                
20000000  __start___llvm_prf_cnts
20000000  __stop___llvm_prf_cnts 
0000088d  _c_int00_noinit_noargs 
00000955  _system_pre_init       
00000959  abort                  
ffffffff  binit                  
00000000  g_pfnVectors           
00000735  main                   
00000645  spiInitial             
00000779  timerInitial           
00000925  ucsInitial             


GLOBAL SYMBOLS: SORTED BY Symbol Address 

address   name                   
-------   ----                   
00000000  __TI_static_base__     
00000000  g_pfnVectors           
00000100  __STACK_SIZE           
0000026d  GPIOPadConfigSet       
000003d9  SysCtlClockGet         
000004f1  SysCtlClockSet         
000005e5  TimerConfigure         
00000645  spiInitial             
0000069d  Device_init            
000006e9  GPIOPinConfigure       
00000735  main                   
00000779  timerInitial           
000007b9  SSIConfigSetExpClk     
000007f5  SysCtlPeripheralReady  
0000082d  SysCtlPeripheralEnable 
00000861  GPIODirModeSet         
0000088d  _c_int00_noinit_noargs 
000008b9  GPIOPinTypeGPIOOutput  
000008d3  GPIOPinTypeSSI         
000008e9  TimerLoadSet           
000008fb  IntMasterEnable        
0000090b  TimerEnable            
00000919  CPUcpsie               
00000925  ucsInitial             
00000931  SSIEnable              
0000093b  TimerIntEnable         
00000943  GPIOPinWrite           
00000949  ResetISR               
0000094f  SysCtlDelay            
00000955  _system_pre_init       
00000959  C$$EXIT                
00000959  abort                  
20000000  __stack                
20000000  __start___llvm_prf_cnts
20000000  __stop___llvm_prf_cnts 
20000100  __STACK_END            
20000100  __STACK_TOP            
ffffffff  __TI_pprof_out_hndl    
ffffffff  __TI_prof_data_size    
ffffffff  __TI_prof_data_start   
ffffffff  __binit__              
ffffffff  __c_args__             
ffffffff  binit                  
UNDEFED   __mpu_init             

[44 symbols]
