******************************************************************************
                  TI ARM Linker PC v20.2.7                     
******************************************************************************
>> Linked Mon May 12 12:49:04 2025

OUTPUT FILE NAME:   <project0.out>
ENTRY POINT SYMBOL: "_c_int00_noargs"  address: 000009d1


MEMORY CONFIGURATION

         name            origin    length      used     unused   attr    fill
----------------------  --------  ---------  --------  --------  ----  --------
  FLASH                 00000000   00040000  00000c60  0003f3a0  R  X
  SRAM                  20000000   00008000  00000500  00007b00  RW X


SEGMENT ALLOCATION MAP

run origin  load origin   length   init length attrs members
----------  ----------- ---------- ----------- ----- -------
00000000    00000000    00000c64   00000c64    r-x
  00000000    00000000    0000026c   0000026c    r-- .intvecs
  0000026c    0000026c    000008e4   000008e4    r-x .text
  00000b50    00000b50    000000fc   000000fc    r-- .const
  00000c50    00000c50    00000014   00000014    r-- .cinit
20000000    20000000    00000500   00000000    rw-
  20000000    20000000    00000400   00000000    rw- .bss
  20000400    20000400    00000100   00000000    rw- .stack


SECTION ALLOCATION MAP

 output                                  attributes/
section   page    origin      length       input sections
--------  ----  ----------  ----------   ----------------
.intvecs   0    00000000    0000026c     
                  00000000    0000026c     startup_ccs.obj (.intvecs)

.text      0    0000026c    000008e4     
                  0000026c    0000016c     driverlib.lib : gpio.obj (.text:GPIOPadConfigSet)
                  000003d8    00000118                   : sysctl.obj (.text:SysCtlClockGet)
                  000004f0    000000f4                   : sysctl.obj (.text:SysCtlClockSet)
                  000005e4    0000007c     spi.obj (.text:spiInitial)
                  00000660    0000007a     rtsv7M4_T_le_v4SPD16_eabi.lib : memset_t2.asm.obj (.text)
                  000006da    00000002     startup_ccs.obj (.text:FaultISR)
                  000006dc    00000060     driverlib.lib : timer.obj (.text:TimerConfigure)
                  0000073c    00000058     project0.obj (.text:Device_init)
                  00000794    0000004c     driverlib.lib : gpio.obj (.text:GPIOPinConfigure)
                  000007e0    0000004c     dma.obj (.text:dmaInitial)
                  0000082c    00000044     rtsv7M4_T_le_v4SPD16_eabi.lib : autoinit.c.obj (.text:__TI_auto_init_nobinit_nopinit:__TI_auto_init_nobinit_nopinit)
                  00000870    00000044     project0.obj (.text:main)
                  000008b4    00000040     ucs.obj (.text:timerInitial)
                  000008f4    0000003c     driverlib.lib : ssi.obj (.text:SSIConfigSetExpClk)
                  00000930    00000038                   : sysctl.obj (.text:SysCtlPeripheralReady)
                  00000968    00000034                   : sysctl.obj (.text:SysCtlPeripheralDisable)
                  0000099c    00000034                   : sysctl.obj (.text:SysCtlPeripheralEnable)
                  000009d0    00000034     rtsv7M4_T_le_v4SPD16_eabi.lib : boot_cortex_m.c.obj (.text:_c_int00_noargs:_c_int00_noargs)
                  00000a04    0000002c     driverlib.lib : gpio.obj (.text:GPIODirModeSet)
                  00000a30    0000002c                   : udma.obj (.text:uDMAChannelAssign)
                  00000a5c    00000024                   : udma.obj (.text:uDMAChannelControlSet)
                  00000a80    0000001a                   : gpio.obj (.text:GPIOPinTypeGPIOOutput)
                  00000a9a    00000016                   : gpio.obj (.text:GPIOPinTypeSSI)
                  00000ab0    00000012                   : timer.obj (.text:TimerLoadSet)
                  00000ac2    00000010                   : interrupt.obj (.text:IntMasterEnable)
                  00000ad2    00000002     startup_ccs.obj (.text:IntDefaultHandler)
                  00000ad4    00000010     driverlib.lib : udma.obj (.text:uDMAEnable)
                  00000ae4    0000000e                   : timer.obj (.text:TimerEnable)
                  00000af2    0000000c                   : cpu.obj (.text:CPUcpsie)
                  00000afe    0000000c     rtsv7M4_T_le_v4SPD16_eabi.lib : copy_zero_init.c.obj (.text:decompress:ZI:__TI_zero_init)
                  00000b0a    00000002     startup_ccs.obj (.text:NmiSR)
                  00000b0c    0000000c     driverlib.lib : udma.obj (.text:uDMAControlBaseSet)
                  00000b18    0000000c     ucs.obj (.text:ucsInitial)
                  00000b24    0000000a     driverlib.lib : ssi.obj (.text:SSIEnable)
                  00000b2e    00000008                   : timer.obj (.text:TimerIntEnable)
                  00000b36    00000006                   : gpio.obj (.text:GPIOPinWrite)
                  00000b3c    00000006     startup_ccs.obj (.text:ResetISR)
                  00000b42    00000006     driverlib.lib : sysctl.obj (.text:SysCtlDelay)
                  00000b48    00000004     rtsv7M4_T_le_v4SPD16_eabi.lib : pre_init.c.obj (.text:_system_pre_init)
                  00000b4c    00000004                                   : exit.c.obj (.text:abort:abort)

.const     0    00000b50    000000fc     
                  00000b50    00000090     driverlib.lib : gpio.obj (.const:g_pui32GPIOBaseAddrs)
                  00000be0    0000006c                   : sysctl.obj (.const:g_pui32Xtals)

.cinit     0    00000c50    00000014     
                  00000c50    00000008     (.cinit..bss.load) [load image, compression = zero_init]
                  00000c58    00000004     (__TI_handler_table)
                  00000c5c    00000008     (__TI_cinit_table)

.init_array 
*          0    00000000    00000000     UNINITIALIZED

.bss       0    20000000    00000400     UNINITIALIZED
                  20000000    00000400     dma.obj (.bss:udmaControlTable)

.stack     0    20000400    00000100     UNINITIALIZED
                  20000400    00000004     rtsv7M4_T_le_v4SPD16_eabi.lib : boot_cortex_m.c.obj (.stack)
                  20000404    000000fc     --HOLE--

__llvm_prf_cnts 
*          0    20000000    00000000     UNINITIALIZED

.binit     0    00000000    00000000     

MODULE SUMMARY

       Module                 code   ro data   rw data
       ------                 ----   -------   -------
    .\
       dma.obj                76     0         1024   
       startup_ccs.obj        12     620       0      
       project0.obj           156    0         0      
       spi.obj                124    0         0      
       ucs.obj                76     0         0      
    +--+----------------------+------+---------+---------+
       Total:                 444    620       1024   
                                                      
    C:/ti/TivaWare_C_Series-2.2.0.295/driverlib/ccs/Debug/driverlib.lib
       sysctl.obj             690    108       0      
       gpio.obj               538    144       0      
       timer.obj              136    0         0      
       udma.obj               108    0         0      
       ssi.obj                70     0         0      
       interrupt.obj          16     0         0      
       cpu.obj                12     0         0      
    +--+----------------------+------+---------+---------+
       Total:                 1570   252       0      
                                                      
    C:\ti\ccs1220\ccs\tools\compiler\ti-cgt-arm_20.2.7.LTS\lib\rtsv7M4_T_le_v4SPD16_eabi.lib
       memset_t2.asm.obj      122    0         0      
       autoinit.c.obj         68     0         0      
       boot_cortex_m.c.obj    52     0         0      
       copy_zero_init.c.obj   12     0         0      
       exit.c.obj             4      0         0      
       pre_init.c.obj         4      0         0      
    +--+----------------------+------+---------+---------+
       Total:                 262    0         0      
                                                      
       Stack:                 0      0         256    
       Linker Generated:      0      20        0      
    +--+----------------------+------+---------+---------+
       Grand Total:           2276   892       1280   


LINKER GENERATED COPY TABLES

__TI_cinit_table @ 00000c5c records: 1, size/record: 8, table size: 8
	.bss: load addr=00000c50, load size=00000008 bytes, run addr=20000000, run size=00000400 bytes, compression=zero_init


LINKER GENERATED HANDLER TABLE

__TI_handler_table @ 00000c58 records: 1, size/record: 4, table size: 4
	index: 0, handler: __TI_zero_init


GLOBAL SYMBOLS: SORTED ALPHABETICALLY BY Name 

address   name                          
-------   ----                          
00000b4d  C$$EXIT                       
00000af3  CPUcpsie                      
0000073d  Device_init                   
00000a05  GPIODirModeSet                
0000026d  GPIOPadConfigSet              
00000795  GPIOPinConfigure              
00000a81  GPIOPinTypeGPIOOutput         
00000a9b  GPIOPinTypeSSI                
00000b37  GPIOPinWrite                  
00000ac3  IntMasterEnable               
00000b3d  ResetISR                      
000008f5  SSIConfigSetExpClk            
00000b25  SSIEnable                     
000003d9  SysCtlClockGet                
000004f1  SysCtlClockSet                
00000b43  SysCtlDelay                   
00000969  SysCtlPeripheralDisable       
0000099d  SysCtlPeripheralEnable        
00000931  SysCtlPeripheralReady         
000006dd  TimerConfigure                
00000ae5  TimerEnable                   
00000b2f  TimerIntEnable                
00000ab1  TimerLoadSet                  
20000500  __STACK_END                   
00000100  __STACK_SIZE                  
20000500  __STACK_TOP                   
00000c5c  __TI_CINIT_Base               
00000c64  __TI_CINIT_Limit              
00000c58  __TI_Handler_Table_Base       
00000c5c  __TI_Handler_Table_Limit      
0000082d  __TI_auto_init_nobinit_nopinit
ffffffff  __TI_pprof_out_hndl           
ffffffff  __TI_prof_data_size           
ffffffff  __TI_prof_data_start          
00000000  __TI_static_base__            
00000aff  __TI_zero_init                
00000661  __aeabi_memclr                
00000661  __aeabi_memclr4               
00000661  __aeabi_memclr8               
00000663  __aeabi_memset                
00000663  __aeabi_memset4               
00000663  __aeabi_memset8               
ffffffff  __binit__                     
ffffffff  __c_args__                    
UNDEFED   __mpu_init                    
20000400  __stack                       
20000000  __start___llvm_prf_cnts       
20000000  __stop___llvm_prf_cnts        
000009d1  _c_int00_noargs               
UNDEFED   _system_post_cinit            
00000b49  _system_pre_init              
00000b4d  abort                         
ffffffff  binit                         
000007e1  dmaInitial                    
00000000  g_pfnVectors                  
00000871  main                          
00000669  memset                        
000005e5  spiInitial                    
000008b5  timerInitial                  
00000a31  uDMAChannelAssign             
00000a5d  uDMAChannelControlSet         
00000b0d  uDMAControlBaseSet            
00000ad5  uDMAEnable                    
00000b19  ucsInitial                    


GLOBAL SYMBOLS: SORTED BY Symbol Address 

address   name                          
-------   ----                          
00000000  __TI_static_base__            
00000000  g_pfnVectors                  
00000100  __STACK_SIZE                  
0000026d  GPIOPadConfigSet              
000003d9  SysCtlClockGet                
000004f1  SysCtlClockSet                
000005e5  spiInitial                    
00000661  __aeabi_memclr                
00000661  __aeabi_memclr4               
00000661  __aeabi_memclr8               
00000663  __aeabi_memset                
00000663  __aeabi_memset4               
00000663  __aeabi_memset8               
00000669  memset                        
000006dd  TimerConfigure                
0000073d  Device_init                   
00000795  GPIOPinConfigure              
000007e1  dmaInitial                    
0000082d  __TI_auto_init_nobinit_nopinit
00000871  main                          
000008b5  timerInitial                  
000008f5  SSIConfigSetExpClk            
00000931  SysCtlPeripheralReady         
00000969  SysCtlPeripheralDisable       
0000099d  SysCtlPeripheralEnable        
000009d1  _c_int00_noargs               
00000a05  GPIODirModeSet                
00000a31  uDMAChannelAssign             
00000a5d  uDMAChannelControlSet         
00000a81  GPIOPinTypeGPIOOutput         
00000a9b  GPIOPinTypeSSI                
00000ab1  TimerLoadSet                  
00000ac3  IntMasterEnable               
00000ad5  uDMAEnable                    
00000ae5  TimerEnable                   
00000af3  CPUcpsie                      
00000aff  __TI_zero_init                
00000b0d  uDMAControlBaseSet            
00000b19  ucsInitial                    
00000b25  SSIEnable                     
00000b2f  TimerIntEnable                
00000b37  GPIOPinWrite                  
00000b3d  ResetISR                      
00000b43  SysCtlDelay                   
00000b49  _system_pre_init              
00000b4d  C$$EXIT                       
00000b4d  abort                         
00000c58  __TI_Handler_Table_Base       
00000c5c  __TI_CINIT_Base               
00000c5c  __TI_Handler_Table_Limit      
00000c64  __TI_CINIT_Limit              
20000000  __start___llvm_prf_cnts       
20000000  __stop___llvm_prf_cnts        
20000400  __stack                       
20000500  __STACK_END                   
20000500  __STACK_TOP                   
ffffffff  __TI_pprof_out_hndl           
ffffffff  __TI_prof_data_size           
ffffffff  __TI_prof_data_start          
ffffffff  __binit__                     
ffffffff  __c_args__                    
ffffffff  binit                         
UNDEFED   __mpu_init                    
UNDEFED   _system_post_cinit            

[64 symbols]
