******************************************************************************
                  TI ARM Linker PC v20.2.7                     
******************************************************************************
>> Linked Thu Jun 27 14:10:04 2024

OUTPUT FILE NAME:   <project0.out>
ENTRY POINT SYMBOL: "_c_int00_noinit_noargs"  address: 00000879


MEMORY CONFIGURATION

         name            origin    length      used     unused   attr    fill
----------------------  --------  ---------  --------  --------  ----  --------
  FLASH                 00000000   00040000  00000a4a  0003f5b6  R  X
  SRAM                  20000000   00008000  00000100  00007f00  RW X


SEGMENT ALLOCATION MAP

run origin  load origin   length   init length attrs members
----------  ----------- ---------- ----------- ----- -------
00000000    00000000    00000a4c   00000a4c    r-x
  00000000    00000000    0000026c   0000026c    r-- .intvecs
  0000026c    0000026c    000006e2   000006e2    r-x .text
  00000950    00000950    000000fc   000000fc    r-- .const
20000000    20000000    00000100   00000000    rw-
  20000000    20000000    00000100   00000000    rw- .stack


SECTION ALLOCATION MAP

 output                                  attributes/
section   page    origin      length       input sections
--------  ----  ----------  ----------   ----------------
.intvecs   0    00000000    0000026c     
                  00000000    0000026c     startup_ccs.obj (.intvecs)

.text      0    0000026c    000006e2     
                  0000026c    0000016c     driverlib.lib : gpio.obj (.text:GPIOPadConfigSet)
                  000003d8    00000118                   : sysctl.obj (.text:SysCtlClockGet)
                  000004f0    000000f4                   : sysctl.obj (.text:SysCtlClockSet)
                  000005e4    00000060                   : timer.obj (.text:TimerConfigure)
                  00000644    00000058     spi.obj (.text:spiInitial)
                  0000069c    0000004c     driverlib.lib : gpio.obj (.text:GPIOPinConfigure)
                  000006e8    00000044     project0.obj (.text:main)
                  0000072c    00000040     ucs.obj (.text:timerInitial)
                  0000076c    0000003c     driverlib.lib : ssi.obj (.text:SSIConfigSetExpClk)
                  000007a8    00000038     project0.obj (.text:Device_init)
                  000007e0    00000038     driverlib.lib : sysctl.obj (.text:SysCtlPeripheralReady)
                  00000818    00000034                   : sysctl.obj (.text:SysCtlPeripheralEnable)
                  0000084c    0000002c                   : gpio.obj (.text:GPIODirModeSet)
                  00000878    0000002c     rtsv7M4_T_le_v4SPD16_eabi.lib : boot_cortex_m.c.obj (.text:_c_int00_noinit_noargs:_c_int00_noinit_noargs)
                  000008a4    0000001a     driverlib.lib : gpio.obj (.text:GPIOPinTypeGPIOOutput)
                  000008be    00000016                   : gpio.obj (.text:GPIOPinTypeSSI)
                  000008d4    00000012                   : timer.obj (.text:TimerLoadSet)
                  000008e6    00000010                   : interrupt.obj (.text:IntMasterEnable)
                  000008f6    0000000e                   : timer.obj (.text:TimerEnable)
                  00000904    0000000c                   : cpu.obj (.text:CPUcpsie)
                  00000910    0000000c     ucs.obj (.text:ucsInitial)
                  0000091c    0000000a     driverlib.lib : ssi.obj (.text:SSIEnable)
                  00000926    00000008                   : timer.obj (.text:TimerIntEnable)
                  0000092e    00000006                   : gpio.obj (.text:GPIOPinWrite)
                  00000934    00000006     startup_ccs.obj (.text:ResetISR)
                  0000093a    00000006     driverlib.lib : sysctl.obj (.text:SysCtlDelay)
                  00000940    00000004     rtsv7M4_T_le_v4SPD16_eabi.lib : pre_init.c.obj (.text:_system_pre_init)
                  00000944    00000004                                   : exit.c.obj (.text:abort:abort)
                  00000948    00000002     startup_ccs.obj (.text:FaultISR)
                  0000094a    00000002     startup_ccs.obj (.text:IntDefaultHandler)
                  0000094c    00000002     startup_ccs.obj (.text:NmiSR)

.const     0    00000950    000000fc     
                  00000950    00000090     driverlib.lib : gpio.obj (.const:g_pui32GPIOBaseAddrs)
                  000009e0    0000006c                   : sysctl.obj (.const:g_pui32Xtals)

.cinit     0    00000000    00000000     UNINITIALIZED

.init_array 
*          0    00000000    00000000     UNINITIALIZED

.stack     0    20000000    00000100     UNINITIALIZED
                  20000000    00000004     rtsv7M4_T_le_v4SPD16_eabi.lib : boot_cortex_m.c.obj (.stack)
                  20000004    000000fc     --HOLE--

__llvm_prf_cnts 
*          0    20000000    00000000     UNINITIALIZED

.binit     0    00000000    00000000     

MODULE SUMMARY

       Module                code   ro data   rw data
       ------                ----   -------   -------
    .\
       startup_ccs.obj       12     620       0      
       project0.obj          124    0         0      
       spi.obj               88     0         0      
       ucs.obj               76     0         0      
    +--+---------------------+------+---------+---------+
       Total:                300    620       0      
                                                     
    C:/ti/TivaWare_C_Series-2.2.0.295/driverlib/ccs/Debug/driverlib.lib
       sysctl.obj            638    108       0      
       gpio.obj              538    144       0      
       timer.obj             136    0         0      
       ssi.obj               70     0         0      
       interrupt.obj         16     0         0      
       cpu.obj               12     0         0      
    +--+---------------------+------+---------+---------+
       Total:                1410   252       0      
                                                     
    C:\ti\ccs1220\ccs\tools\compiler\ti-cgt-arm_20.2.7.LTS\lib\rtsv7M4_T_le_v4SPD16_eabi.lib
       boot_cortex_m.c.obj   44     0         0      
       exit.c.obj            4      0         0      
       pre_init.c.obj        4      0         0      
    +--+---------------------+------+---------+---------+
       Total:                52     0         0      
                                                     
       Stack:                0      0         256    
    +--+---------------------+------+---------+---------+
       Grand Total:          1762   872       256    


GLOBAL SYMBOLS: SORTED ALPHABETICALLY BY Name 

address   name                   
-------   ----                   
00000945  C$$EXIT                
00000905  CPUcpsie               
000007a9  Device_init            
0000084d  GPIODirModeSet         
0000026d  GPIOPadConfigSet       
0000069d  GPIOPinConfigure       
000008a5  GPIOPinTypeGPIOOutput  
000008bf  GPIOPinTypeSSI         
0000092f  GPIOPinWrite           
000008e7  IntMasterEnable        
00000935  ResetISR               
0000076d  SSIConfigSetExpClk     
0000091d  SSIEnable              
000003d9  SysCtlClockGet         
000004f1  SysCtlClockSet         
0000093b  SysCtlDelay            
00000819  SysCtlPeripheralEnable 
000007e1  SysCtlPeripheralReady  
000005e5  TimerConfigure         
000008f7  TimerEnable            
00000927  TimerIntEnable         
000008d5  TimerLoadSet           
20000100  __STACK_END            
00000100  __STACK_SIZE           
20000100  __STACK_TOP            
ffffffff  __TI_pprof_out_hndl    
ffffffff  __TI_prof_data_size    
ffffffff  __TI_prof_data_start   
00000000  __TI_static_base__     
ffffffff  __binit__              
ffffffff  __c_args__             
UNDEFED   __mpu_init             
20000000  __stack                
20000000  __start___llvm_prf_cnts
20000000  __stop___llvm_prf_cnts 
00000879  _c_int00_noinit_noargs 
00000941  _system_pre_init       
00000945  abort                  
ffffffff  binit                  
00000000  g_pfnVectors           
000006e9  main                   
00000645  spiInitial             
0000072d  timerInitial           
00000911  ucsInitial             


GLOBAL SYMBOLS: SORTED BY Symbol Address 

address   name                   
-------   ----                   
00000000  __TI_static_base__     
00000000  g_pfnVectors           
00000100  __STACK_SIZE           
0000026d  GPIOPadConfigSet       
000003d9  SysCtlClockGet         
000004f1  SysCtlClockSet         
000005e5  TimerConfigure         
00000645  spiInitial             
0000069d  GPIOPinConfigure       
000006e9  main                   
0000072d  timerInitial           
0000076d  SSIConfigSetExpClk     
000007a9  Device_init            
000007e1  SysCtlPeripheralReady  
00000819  SysCtlPeripheralEnable 
0000084d  GPIODirModeSet         
00000879  _c_int00_noinit_noargs 
000008a5  GPIOPinTypeGPIOOutput  
000008bf  GPIOPinTypeSSI         
000008d5  TimerLoadSet           
000008e7  IntMasterEnable        
000008f7  TimerEnable            
00000905  CPUcpsie               
00000911  ucsInitial             
0000091d  SSIEnable              
00000927  TimerIntEnable         
0000092f  GPIOPinWrite           
00000935  ResetISR               
0000093b  SysCtlDelay            
00000941  _system_pre_init       
00000945  C$$EXIT                
00000945  abort                  
20000000  __stack                
20000000  __start___llvm_prf_cnts
20000000  __stop___llvm_prf_cnts 
20000100  __STACK_END            
20000100  __STACK_TOP            
ffffffff  __TI_pprof_out_hndl    
ffffffff  __TI_prof_data_size    
ffffffff  __TI_prof_data_start   
ffffffff  __binit__              
ffffffff  __c_args__             
ffffffff  binit                  
UNDEFED   __mpu_init             

[44 symbols]
