******************************************************************************
                  TI ARM Linker PC v20.2.7                     
******************************************************************************
>> Linked Mon Jun 24 20:47:16 2024

OUTPUT FILE NAME:   <project0.out>
ENTRY POINT SYMBOL: "_c_int00_noinit_noargs"  address: 000005cd


MEMORY CONFIGURATION

         name            origin    length      used     unused   attr    fill
----------------------  --------  ---------  --------  --------  ----  --------
  FLASH                 00000000   00040000  00000632  0003f9ce  R  X
  SRAM                  20000000   00008000  00000100  00007f00  RW X


SEGMENT ALLOCATION MAP

run origin  load origin   length   init length attrs members
----------  ----------- ---------- ----------- ----- -------
00000000    00000000    00000632   00000632    r-x
  00000000    00000000    0000026c   0000026c    r-- .intvecs
  0000026c    0000026c    000003c6   000003c6    r-x .text
20000000    20000000    00000100   00000000    rw-
  20000000    20000000    00000100   00000000    rw- .stack


SECTION ALLOCATION MAP

 output                                  attributes/
section   page    origin      length       input sections
--------  ----  ----------  ----------   ----------------
.intvecs   0    00000000    0000026c     
                  00000000    0000026c     startup_ccs.obj (.intvecs)

.text      0    0000026c    000003c6     
                  0000026c    0000016c     driverlib.lib : gpio.obj (.text:GPIOPadConfigSet)
                  000003d8    000000f4                   : sysctl.obj (.text:SysCtlClockSet)
                  000004cc    00000068     project0.obj (.text:main)
                  00000534    00000038     driverlib.lib : sysctl.obj (.text:SysCtlPeripheralReady)
                  0000056c    00000034                   : sysctl.obj (.text:SysCtlPeripheralEnable)
                  000005a0    0000002c                   : gpio.obj (.text:GPIODirModeSet)
                  000005cc    0000002c     rtsv7M4_T_le_v4SPD16_eabi.lib : boot_cortex_m.c.obj (.text:_c_int00_noinit_noargs:_c_int00_noinit_noargs)
                  000005f8    0000001a     driverlib.lib : gpio.obj (.text:GPIOPinTypeGPIOOutput)
                  00000612    00000006                   : gpio.obj (.text:GPIOPinWrite)
                  00000618    00000006     startup_ccs.obj (.text:ResetISR)
                  0000061e    00000006     driverlib.lib : sysctl.obj (.text:SysCtlDelay)
                  00000624    00000004     rtsv7M4_T_le_v4SPD16_eabi.lib : pre_init.c.obj (.text:_system_pre_init)
                  00000628    00000004                                   : exit.c.obj (.text:abort:abort)
                  0000062c    00000002     startup_ccs.obj (.text:FaultISR)
                  0000062e    00000002     startup_ccs.obj (.text:IntDefaultHandler)
                  00000630    00000002     startup_ccs.obj (.text:NmiSR)

.cinit     0    00000000    00000000     UNINITIALIZED

.init_array 
*          0    00000000    00000000     UNINITIALIZED

.stack     0    20000000    00000100     UNINITIALIZED
                  20000000    00000004     rtsv7M4_T_le_v4SPD16_eabi.lib : boot_cortex_m.c.obj (.stack)
                  20000004    000000fc     --HOLE--

__llvm_prf_cnts 
*          0    20000000    00000000     UNINITIALIZED

.binit     0    00000000    00000000     

MODULE SUMMARY

       Module                code   ro data   rw data
       ------                ----   -------   -------
    .\
       startup_ccs.obj       12     620       0      
       project0.obj          104    0         0      
    +--+---------------------+------+---------+---------+
       Total:                116    620       0      
                                                     
    C:/ti/TivaWare_C_Series-2.2.0.295/driverlib/ccs/Debug/driverlib.lib
       gpio.obj              440    0         0      
       sysctl.obj            358    0         0      
    +--+---------------------+------+---------+---------+
       Total:                798    0         0      
                                                     
    C:\ti\ccs1270\ccs\tools\compiler\ti-cgt-arm_20.2.7.LTS\lib\rtsv7M4_T_le_v4SPD16_eabi.lib
       boot_cortex_m.c.obj   44     0         0      
       exit.c.obj            4      0         0      
       pre_init.c.obj        4      0         0      
    +--+---------------------+------+---------+---------+
       Total:                52     0         0      
                                                     
       Stack:                0      0         256    
    +--+---------------------+------+---------+---------+
       Grand Total:          966    620       256    


GLOBAL SYMBOLS: SORTED ALPHABETICALLY BY Name 

address   name                   
-------   ----                   
00000629  C$$EXIT                
000005a1  GPIODirModeSet         
0000026d  GPIOPadConfigSet       
000005f9  GPIOPinTypeGPIOOutput  
00000613  GPIOPinWrite           
00000619  ResetISR               
000003d9  SysCtlClockSet         
0000061f  SysCtlDelay            
0000056d  SysCtlPeripheralEnable 
00000535  SysCtlPeripheralReady  
20000100  __STACK_END            
00000100  __STACK_SIZE           
20000100  __STACK_TOP            
ffffffff  __TI_pprof_out_hndl    
ffffffff  __TI_prof_data_size    
ffffffff  __TI_prof_data_start   
00000000  __TI_static_base__     
ffffffff  __binit__              
ffffffff  __c_args__             
UNDEFED   __mpu_init             
20000000  __stack                
20000000  __start___llvm_prf_cnts
20000000  __stop___llvm_prf_cnts 
000005cd  _c_int00_noinit_noargs 
00000625  _system_pre_init       
00000629  abort                  
ffffffff  binit                  
00000000  g_pfnVectors           
000004cd  main                   


GLOBAL SYMBOLS: SORTED BY Symbol Address 

address   name                   
-------   ----                   
00000000  __TI_static_base__     
00000000  g_pfnVectors           
00000100  __STACK_SIZE           
0000026d  GPIOPadConfigSet       
000003d9  SysCtlClockSet         
000004cd  main                   
00000535  SysCtlPeripheralReady  
0000056d  SysCtlPeripheralEnable 
000005a1  GPIODirModeSet         
000005cd  _c_int00_noinit_noargs 
000005f9  GPIOPinTypeGPIOOutput  
00000613  GPIOPinWrite           
00000619  ResetISR               
0000061f  SysCtlDelay            
00000625  _system_pre_init       
00000629  C$$EXIT                
00000629  abort                  
20000000  __stack                
20000000  __start___llvm_prf_cnts
20000000  __stop___llvm_prf_cnts 
20000100  __STACK_END            
20000100  __STACK_TOP            
ffffffff  __TI_pprof_out_hndl    
ffffffff  __TI_prof_data_size    
ffffffff  __TI_prof_data_start   
ffffffff  __binit__              
ffffffff  __c_args__             
ffffffff  binit                  
UNDEFED   __mpu_init             

[29 symbols]
